\BOOKMARK [0][-]{chapter*.1}{\376\377\000\326\000N\000S\000\326\000Z}{}% 1
\BOOKMARK [0][-]{chapter*.2}{\376\377\000T\000E\000Z\000\040\000E\000T\001\060\000K\000\040\000B\000E\000Y\000A\000N\000N\000A\000M\000E\000S\001\060}{}% 2
\BOOKMARK [0][-]{chapter*.3}{\376\377\001\060\000\307\001\060\000N\000D\000E\000K\001\060\000L\000E\000R}{}% 3
\BOOKMARK [0][-]{chapter*.4}{\376\377\000\326\000Z\000E\000T}{}% 4
\BOOKMARK [0][-]{chapter*.5}{\376\377\001\136\000E\000K\001\060\000L\000L\000E\000R\000\040\000D\001\060\000Z\001\060\000N\001\060}{}% 5
\BOOKMARK [0][-]{chapter*.6}{\376\377\000T\000A\000B\000L\000O\000L\000A\000R\000\040\000D\001\060\000Z\001\060\000N\001\060}{}% 6
\BOOKMARK [0][-]{chapter*.7}{\376\377\000S\000E\000M\000B\000O\000L\000L\000E\000R\000\040\000V\000E\000\040\000K\000I\000S\000A\000L\000T\000M\000A\000L\000A\000R\000\040\000D\001\060\000Z\001\060\000N\001\060}{}% 7
\BOOKMARK [0][-]{chapter.1}{\376\377\000G\000E\000N\000E\000L\000\040\000B\001\060\000L\000G\001\060\000L\000E\000R}{}% 8
\BOOKMARK [1][-]{section.1.1}{\376\377\000G\000i\000r\000i\001\137}{chapter.1}% 9
\BOOKMARK [1][-]{section.1.2}{\376\377\000P\000r\000o\000b\000l\000e\000m\000\040\000T\000a\000n\001\061\000m\001\061\000\040\000v\000e\000\040\000M\000o\000t\000i\000v\000a\000s\000y\000o\000n}{chapter.1}% 10
\BOOKMARK [1][-]{section.1.3}{\376\377\000L\000i\000t\000e\000r\000a\000t\000\374\000r\000\040\000v\000e\000\040\000T\000e\000k\000n\000i\000k\000\040\000A\000r\000k\000a\000\040\000P\000l\000a\000n}{chapter.1}% 11
\BOOKMARK [2][-]{subsection.1.3.1}{\376\377\000E\000k\000l\000e\000m\000\040\000h\000a\000r\000e\000k\000e\000t\000\040\000a\000\347\001\061\000k\000l\001\061\001\037\001\061\000\040\000\366\000l\000\347\000\374\000m\000\374\000\040\000v\000e\000\040\000g\000i\000y\000i\000l\000e\000b\000i\000l\000i\000r\000\040\000s\000e\000n\000s\000\366\000r\000l\000e\000r}{section.1.3}% 12
\BOOKMARK [2][-]{subsection.1.3.2}{\376\377\000X\000R\000\040\000i\000z\000l\000e\000m\000e\000,\000\040\000k\000a\000l\000i\000b\000r\000a\000s\000y\000o\000n\000\040\000v\000e\000\040\000k\000i\000n\000e\000m\000a\000t\000i\000k\000\040\000m\000o\000d\000e\000l\000l\000e\000m\000e}{section.1.3}% 13
\BOOKMARK [2][-]{subsection.1.3.3}{\376\377\000O\000y\000u\000n\000l\000a\001\137\000t\001\061\000r\001\061\000l\000m\001\061\001\137\000\040\000h\000a\000r\000e\000k\000e\000t\000\040\000t\000a\000r\000a\000m\000a\000\040\000y\000a\000k\000l\000a\001\137\001\061\000m\001\061}{section.1.3}% 14
\BOOKMARK [0][-]{chapter.2}{\376\377\000Y\000A\000P\000I\000L\000A\000N\000\040\000\307\000A\000L\000I\001\136\000M\000A\000L\000A\000R}{}% 15
\BOOKMARK [1][-]{section.2.1}{\376\377\000G\000i\000r\000i\001\137}{chapter.2}% 16
\BOOKMARK [1][-]{section.2.2}{\376\377\000S\000i\000s\000t\000e\000m\000\040\000h\000e\000d\000e\000f\000l\000e\000r\000i\000\040\000v\000e\000\040\000g\000e\000r\000e\000k\000s\000i\000n\000i\000m\000l\000e\000r\000i}{chapter.2}% 17
\BOOKMARK [1][-]{section.2.3}{\376\377\000Y\000a\000z\001\061\000l\001\061\000m\000\040\000m\000i\000m\000a\000r\000i\000s\000i}{chapter.2}% 18
\BOOKMARK [1][-]{section.2.4}{\376\377\000A\000l\000t\000\040\000e\000k\000s\000t\000r\000e\000m\000i\000t\000e\000\040\000R\000O\000M\000\040\000a\000l\000t\000\040\000s\000i\000s\000t\000e\000m\000i}{chapter.2}% 19
\BOOKMARK [2][-]{subsection.2.4.1}{\376\377\000S\000e\000n\000s\000\366\000r\000\040\000y\000e\000r\000l\000e\001\137\000i\000m\000i\000\040\000v\000e\000\040\000k\000a\000l\000i\000b\000r\000a\000s\000y\000o\000n}{section.2.4}% 20
\BOOKMARK [2][-]{subsection.2.4.2}{\376\377\000K\000l\000i\000n\000i\000k\000\040\000a\000\347\001\061\000\040\000\374\000r\000e\000t\000i\000m\000i}{section.2.4}% 21
\BOOKMARK [2][-]{subsection.2.4.3}{\376\377\000O\000t\000o\000m\000a\000t\000i\000k\000\040\000t\000r\000a\000c\000k\000e\000r\000\040\000a\000t\000a\000m\000a}{section.2.4}% 22
\BOOKMARK [1][-]{section.2.5}{\376\377\000F\000u\000l\000l\000-\000b\000o\000d\000y\000\040\000a\000v\000a\000t\000a\000r\000\040\000v\000e\000\040\000I\000K\000\040\000a\000l\000t\000\040\000s\000i\000s\000t\000e\000m\000i}{chapter.2}% 23
\BOOKMARK [2][-]{subsection.2.5.1}{\376\377\000B\000a\001\137\000l\000a\000n\000g\001\061\000\347\000\040\000s\000o\000r\000u\000n\000l\000a\000r\001\061\000\040\000v\000e\000\040\000\347\000\366\000z\000\374\000m\000\040\000i\000h\000t\000i\000y\000a\000c\001\061}{section.2.5}% 24
\BOOKMARK [2][-]{subsection.2.5.2}{\376\377\000U\000y\000g\000u\000l\000a\000n\000a\000n\000\040\000t\000e\000k\000n\000i\000k\000\040\000i\000y\000i\000l\000e\001\137\000t\000i\000r\000m\000e\000l\000e\000r}{section.2.5}% 25
\BOOKMARK [2][-]{subsection.2.5.3}{\376\377\000A\000v\000a\000t\000a\000r\000\040\000t\000a\000b\000a\000n\000l\001\061\000\040\000g\000e\000r\000i\000\040\000b\000i\000l\000d\000i\000r\000i\000m}{section.2.5}% 26
\BOOKMARK [1][-]{section.2.6}{\376\377\000O\000y\000u\000n\000l\000a\001\137\000t\001\061\000r\001\061\000l\000m\001\061\001\137\000\040\000t\000a\000r\000a\000m\000a\000\040\000v\000e\000\040\000g\000\366\000r\000e\000v\000\040\000m\000o\000t\000o\000r\000u}{chapter.2}% 27
\BOOKMARK [2][-]{subsection.2.6.1}{\376\377\000G\000\366\000r\000e\000v\000\040\000t\000a\000s\000a\000r\001\061\000m\001\061}{section.2.6}% 28
\BOOKMARK [2][-]{subsection.2.6.2}{\376\377\000O\000t\000u\000r\000u\000m\000\040\000s\001\061\000r\000a\000l\000a\000m\000a\000\040\000v\000e\000\040\000d\000e\000m\000o\000\040\000s\000e\000k\000a\000n\000s\000l\000a\000r\001\061}{section.2.6}% 29
\BOOKMARK [2][-]{subsection.2.6.3}{\376\377\000K\000u\000l\000l\000a\000n\001\061\000c\001\061\000\040\000a\000r\000a\000y\000\374\000z\000\374\000\040\000v\000e\000\040\000s\000o\000n\000u\000\347\000l\000a\000r\001\061\000n\000\040\000s\000u\000n\000u\000m\000u}{section.2.6}% 30
\BOOKMARK [1][-]{section.2.7}{\376\377\000S\000i\000s\000t\000e\000m\000i\000n\000\040\000g\000e\000l\000i\001\137\000i\000m\000\040\000a\001\137\000a\000m\000a\000l\000a\000r\001\061}{chapter.2}% 31
\BOOKMARK [0][-]{chapter.3}{\376\377\000B\000U\000L\000G\000U\000L\000A\000R\000\040\000V\000E\000\040\000T\000A\000R\000T\000I\001\136\000M\000A}{}% 32
\BOOKMARK [1][-]{section.3.1}{\376\377\000G\000i\000r\000i\001\137}{chapter.3}% 33
\BOOKMARK [1][-]{section.3.2}{\376\377\000E\000l\000d\000e\000\040\000e\000d\000i\000l\000e\000n\000\040\000t\000e\000m\000e\000l\000\040\000\347\001\061\000k\000t\001\061\000l\000a\000r}{chapter.3}% 34
\BOOKMARK [1][-]{section.3.3}{\376\377\000T\000e\000k\000n\000i\000k\000\040\000k\000a\000t\000k\001\061\000l\000a\000r\001\061\000n\000\040\000d\000e\001\037\000e\000r\000l\000e\000n\000d\000i\000r\000i\000l\000m\000e\000s\000i}{chapter.3}% 35
\BOOKMARK [1][-]{section.3.4}{\376\377\000G\000e\000\347\000e\000r\000l\000i\000l\000i\000k\000\040\000s\001\061\000n\001\061\000r\000l\000a\000r\001\061\000\040\000v\000e\000\040\000s\001\061\000n\001\061\000r\000l\001\061\000l\001\061\000k\000l\000a\000r}{chapter.3}% 36
\BOOKMARK [1][-]{section.3.5}{\376\377\000T\000a\000r\000t\001\061\001\137\000m\000a}{chapter.3}% 37
\BOOKMARK [0][-]{chapter.4}{\376\377\000S\000O\000N\000U\000\307\000L\000A\000R}{}% 38
\BOOKMARK [1][-]{section.4.1}{\376\377\000G\000e\000n\000e\000l\000\040\000s\000o\000n\000u\000\347}{chapter.4}% 39
\BOOKMARK [1][-]{section.4.2}{\376\377\000G\000e\000l\000e\000c\000e\000k\000\040\000\347\000a\000l\001\061\001\137\000m\000a\000l\000a\000r}{chapter.4}% 40
\BOOKMARK [0][-]{chapter.5}{\376\377\000K\000A\000Y\000N\000A\000K\000\307\000A}{}% 41
\BOOKMARK [0][-]{chapter.6}{\376\377\000E\000K\000L\000E\000R}{}% 42
\BOOKMARK [1][-]{section.6.1}{\376\377\000E\000k\000\040\000A\000.\000\040\000G\000\366\000r\000e\000v\000\040\000p\000r\000o\000t\000o\000k\000o\000l\000\374\000n\000\374\000n\000\040\000k\001\061\000s\000a\000\040\000\366\000z\000e\000t\000i}{chapter.6}% 43
\BOOKMARK [1][-]{section.6.2}{\376\377\000E\000k\000\040\000B\000.\000\040\000T\000a\000s\000l\000a\000k\000t\000a\000\040\000a\000\347\001\061\000k\000\040\000b\001\061\000r\000a\000k\001\061\000l\000a\000n\000\040\000a\000l\000a\000n\000l\000a\000r}{chapter.6}% 44
\BOOKMARK [1][-]{section.6.3}{\376\377\000E\000k\000\040\000C\000.\000\040\000\326\000n\000e\000r\000i\000l\000e\000n\000\040\000d\000e\000n\000e\000y\000s\000e\000l\000\040\000d\000o\001\037\000r\000u\000l\000a\000m\000a\000\040\000p\000l\000a\000n\001\061}{chapter.6}% 45
\BOOKMARK [0][-]{chapter.7}{\376\377\000\326\000Z\000G\000E\000\307\000M\001\060\001\136}{}% 46
