\BOOKMARK [1][-]{section.1}{\376\377\000R\000a\000p\000o\000r\000\040\000K\000a\000p\000s\000a\000m\001\061\000\040\000v\000e\000\040\000\326\000n\000c\000e\000k\000i\000\040\000H\000a\000f\000t\000a\000l\000a\000r\000l\000a\000\040\000F\000a\000r\000k}{}% 1
\BOOKMARK [1][-]{section.2}{\376\377\000U\000y\000g\000u\000l\000a\000n\000a\000n\000\040\000B\000i\000l\000e\001\137\000e\000n\000l\000e\000r\000e\000\040\000G\000e\000n\000e\000l\000\040\000B\000a\000k\001\061\001\137}{}% 2
\BOOKMARK [1][-]{section.3}{\376\377\000S\000h\000i\000n\000-\000T\000r\000a\000c\000k\000e\000r\000\040\000M\000o\000d\000u\000:\000\040\000K\000a\000v\000a\000l\000\040\000K\000e\000m\000i\001\037\000i\000n\000d\000e\000n\000\040\000D\000i\000z\000\040\000v\000e\000\040\000A\000y\000a\000k\000\040\000B\000i\000l\000e\001\037\000i\000\040\000T\000\374\000r\000e\000t\000i\000m\000i}{}% 3
\BOOKMARK [2][-]{subsection.3.1}{\376\377\000A\000v\000a\000n\000t\000a\000j\000l\000a\000r}{section.3}% 4
\BOOKMARK [2][-]{subsection.3.2}{\376\377\000K\000a\000l\000i\000b\000r\000a\000s\000y\000o\000n\000-\000Z\000a\000m\000a\000n\000l\001\061\000\040\000O\000f\000s\000e\000t\000\040\000H\000e\000s\000a\000b\001\061}{section.3}% 5
\BOOKMARK [2][-]{subsection.3.3}{\376\377\000\307\000a\000l\001\061\001\137\000m\000a\000\040\000Z\000a\000m\000a\000n\001\061\000\040\000T\000\374\000r\000e\000t\000i\000m}{section.3}% 6
\BOOKMARK [1][-]{section.4}{\376\377\0005\000-\000T\000r\000a\000c\000k\000e\000r\000\040\000D\000o\001\037\000r\000u\000d\000a\000n\000\040\000F\000K\000\040\000M\000o\000d\000u}{}% 7
\BOOKMARK [2][-]{subsection.4.1}{\376\377\000\307\000a\000l\001\061\001\137\000m\000a\000\040\000M\000a\000n\000t\001\061\001\037\001\061}{section.4}% 8
\BOOKMARK [1][-]{section.5}{\376\377\000O\000m\000u\000r\000g\000a\000\040\000C\000C\000D\000\040\000\307\000\366\000z\000\374\000c\000\374\000s\000\374}{}% 9
\BOOKMARK [2][-]{subsection.5.1}{\376\377\000A\001\137\000a\000m\000a\000\040\0001\000:\000\040\000C\000C\000D\000\040\000B\000e\000n\000d\000\040\000G\000e\000\347\000i\001\137\000i}{section.5}% 10
\BOOKMARK [2][-]{subsection.5.2}{\376\377\000A\001\137\000a\000m\000a\000\040\0002\000:\000\040\000A\000k\000s\000i\000y\000e\000l\000\040\000T\000w\000i\000s\000t\000\040\000D\000a\001\037\001\061\000t\001\061\000m\001\061}{section.5}% 11
\BOOKMARK [1][-]{section.6}{\376\377\000H\000e\000r\000-\000K\000a\000r\000e\000\040\000B\000i\000n\000d\000-\000P\000o\000s\000e\000\040\000S\001\061\000f\001\061\000r\000l\000a\000m\000a\000s\001\061}{}% 12
\BOOKMARK [1][-]{section.7}{\376\377\000T\000r\000a\000c\000k\000e\000r\000\040\000A\000t\000a\000m\000a\000\040\000M\000o\000d\000l\000a\000r\001\061}{}% 13
\BOOKMARK [2][-]{subsection.7.1}{\376\377\000E\000x\000p\000l\000i\000c\000i\000t\000-\000I\000n\000d\000e\000x\000\040\000M\000o\000d\000u}{section.7}% 14
\BOOKMARK [2][-]{subsection.7.2}{\376\377\000U\000z\000a\000y\000s\000a\000l\000\040\000A\000n\000a\000l\000i\000z\000\040\000M\000o\000d\000u\000\040\000\050\000A\000u\000t\000o\000\051}{section.7}% 15
\BOOKMARK [2][-]{subsection.7.3}{\376\377\000G\000\366\001\037\000\374\000s\000/\000B\000e\000l\000\040\000T\000o\000r\000s\000o\000\040\000T\000r\000a\000c\000k\000e\000r\000\040\000D\000\366\000n\000\374\001\137\000\374\000m\000\374}{section.7}% 16
\BOOKMARK [1][-]{section.8}{\376\377\000E\000d\000i\000t\000o\000r\000\040\000A\000r\000a\000\347\000\040\000B\000i\000l\000e\001\137\000e\000n\000l\000e\000r\000i}{}% 17
\BOOKMARK [2][-]{subsection.8.1}{\376\377\000M\000i\000x\000a\000m\000o\000B\000o\000n\000e\000A\000u\000t\000o\000F\000i\000n\000d\000e\000r}{section.8}% 18
\BOOKMARK [2][-]{subsection.8.2}{\376\377\000F\000u\000l\000l\000B\000o\000d\000y\000I\000K\000E\000d\000i\000t\000o\000r\000T\000e\000s\000t\000D\000r\000i\000v\000e\000r\000\040\000v\000e\000\040\000[\000E\000x\000e\000c\000u\000t\000e\000A\000l\000w\000a\000y\000s\000]}{section.8}% 19
\BOOKMARK [1][-]{section.9}{\376\377\000K\000a\000l\000i\000b\000r\000a\000s\000y\000o\000n\000\040\000A\000k\001\061\001\137\001\061\000:\000\040\000D\000\366\000r\000t\000\040\000A\000f\001\137\000a\000m\000a}{}% 20
\BOOKMARK [1][-]{section.10}{\376\377\000F\000u\000l\000l\000B\000o\000d\000y\000D\000e\000b\000u\000g\000V\000i\000s\000u\000a\000l\000i\000z\000e\000r}{}% 21
\BOOKMARK [1][-]{section.11}{\376\377\000P\000o\000l\000y\000g\000o\000n\000\040\000N\000a\000t\000\374\000r\000\040\000P\000a\000k\000e\000t\000i\000\040\000i\000l\000e\000\040\000D\001\061\001\137\000\040\000M\000e\000k\000a\000n\000\040\000\307\000e\000v\000r\000e\000\040\000T\000a\000s\000a\000r\001\061\000m\001\061}{}% 22
\BOOKMARK [2][-]{subsection.11.1}{\376\377\000P\000o\000l\000y\000g\000o\000n\000\040\000N\000a\000t\000\374\000r\000\040\000P\000a\000k\000e\000t\000i\000\040\000H\000a\000k\000k\001\061\000n\000d\000a}{section.11}% 23
\BOOKMARK [2][-]{subsection.11.2}{\376\377\000S\000a\000h\000n\000e\000d\000e\000\040\000K\000u\000l\000l\000a\000n\001\061\000l\000a\000n\000\040\000V\000a\000r\000l\001\061\000k\000l\000a\000r\000\040\000v\000e\000\040\000Y\000e\000r\000l\000e\001\137\000i\000m\000\040\000K\000a\000r\000a\000r\000l\000a\000r\001\061}{section.11}% 24
\BOOKMARK [2][-]{subsection.11.3}{\376\377\000L\000o\000w\000-\000P\000o\000l\000y\000\040\000S\000t\000i\000l\000i\000n\000\040\000V\000R\000\040\000P\000e\000r\000f\000o\000r\000m\000a\000n\000s\000\374\000n\000a\000\040\000K\000a\000t\000k\001\061\000s\001\061}{section.11}% 25
\BOOKMARK [1][-]{section.12}{\376\377\000T\000e\000s\000t\000\040\000B\000u\000l\000g\000u\000l\000a\000r\001\061}{}% 26
\BOOKMARK [1][-]{section.13}{\376\377\000S\000o\000n\000u\000\347}{}% 27
